The fish was delish and it made quite a dish
<  >                                         
<- >                                         
< ->                                         
<  -    >                                    
<   -   >                                    
    <-  >                                    
    < - >                                    
    <  ->                                    
    <   -   >                                
    <    -  >                                
         <- >                                
         < ->                                
         <  -      >                         
         <   -     >                         
             <-    >                         
             < -   >                         
             <  -  >                         
             <   - >                         
             <    ->                         
             <     -   >                     
             <      -  >                     
                    <- >                     
                    < ->                     
                    <  -  >                  
                    <   - >                  
                        <->                  
                        < -    >             
                        <  -   >             
                           <-  >             
                           < - >             
                           <  ->             
                           <   -     >       
                           <    -    >       
                                <-   >       
                                < -  >       
                                <  - >       
                                <   ->       
                                <    - >     
                                <     ->     
                                      <-    >
                                      < -   >
                                        <-  >
                                        < - >
                                        <  ->