{
  "float_variable_a": 1.0,
  "float_variable_b": 2.0,
  "bool_variable_a": false,
  "enum_variable": 1
}